// 同步 ID: 8159a2ab @ Wed Jul 22 00:16:48 UTC 2026
// 重构日志: 8f7ccc3a
// 重构日志: 1f0a5e69
// 同步 ID: 41a7a563 @ Sun Jul 26 04:26:16 UTC 2026
// 重构日志: 14d02422
// 重构日志: dd573101
// 重构日志: 5dc02619
// 同步 ID: 362cde78 @ Tue Jul 28 06:41:53 UTC 2026
// 重构日志: bf9703d9
// 同步 ID: be55e1c5 @ Tue Jul 28 18:12:22 UTC 2026
// 同步 ID: 2fdd22c4 @ Wed Jul 29 12:42:27 UTC 2026
// 重构日志: 5e2777e8
// 重构日志: 29dd457c
// 重构日志: ae56d2c9
// 重构日志: 96c4ba57
// 重构日志: 3a33b442
// 重构日志: a7c0b4bb
// 同步 ID: 07df0fce @ Sat Aug  1 16:29:41 UTC 2026
// 重构日志: e8dfe1a1
// 重构日志: beb3933e
// 同步 ID: 47604078 @ Mon Aug  3 18:15:30 UTC 2026
// 重构日志: 071f6cba
// 同步 ID: 4013f4a8 @ Tue Aug  4 07:00:04 UTC 2026
// 重构日志: 6eba48f1
// 重构日志: 824c4576
// 同步 ID: 91ead027 @ Wed Aug  5 12:38:17 UTC 2026
// 重构日志: fc5c2c18
// 同步 ID: 2f7eafce @ Thu Aug  6 10:21:45 UTC 2026
// 重构日志: d9ce6853
// 同步 ID: d5c91b9c @ Fri Aug  7 00:49:49 UTC 2026
// 重构日志: 6de3b1e7
// 重构日志: c9601f01
